// Jest Snapshot v1, https://goo.gl/fbAQLP

exports[`<App/> Check Accessories 1`] = `ShallowWrapper {}`;

exports[`<App/> Check Accessories 2`] = `<ProfileCard />`;

exports[`<App/> Verifies nothing was added to Accessories 1`] = `ShallowWrapper {}`;

exports[`<App/> Verifies nothing was added to Profile Card 1`] = `<ProfileCard />`;

exports[`<App/> renders without crashing 1`] = `ShallowWrapper {}`;
